// Vitest Snapshot v1

exports[`Image > should render component with default props 1`] = `
<img
  className="str-chat__message-attachment--img"
  data-testid="image-test"
  onClick={[Function]}
  onKeyPress={[Function]}
  src="about:blank"
  tabIndex={0}
/>
`;
